// Vitest Snapshot v1

exports[`mount component 1`] = `"1"`;
